../Core/Src/cg9a01.c:36:7:Write_Cmd_Data	16	static
../Core/Src/cg9a01.c:49:6:Write_Cmd	16	static
../Core/Src/cg9a01.c:62:7:Write_Data_U16	24	static
../Core/Src/cg9a01.c:74:6:Write_Data	16	static
../Core/Src/cg9a01.c:86:6:Write_Bytes	16	static
../Core/Src/cg9a01.c:97:19:SPI_Write	24	static
../Core/Src/cg9a01.c:108:19:SPI_Read	24	static
../Core/Src/cg9a01.c:123:6:GC9A01_Initial	8	static
../Core/Src/cg9a01.c:381:6:ClearScreen	24	static
../Core/Src/cg9a01.c:398:6:ClearScreen2	24	static
../Core/Src/cg9a01.c:403:6:ClearWindow	88	dynamic
../Core/Src/cg9a01.c:444:7:LCD_SetPos	24	static
../Core/Src/cg9a01.c:463:7:showzifu	32	static
../Core/Src/cg9a01.c:488:7:showzifustr	40	static
../Core/Src/cg9a01.c:502:7:LCD_DrawPoint	24	static
../Core/Src/cg9a01.c:509:7:LCD_DrawLine	64	static
../Core/Src/cg9a01.c:545:7:LCD_DrawRectangle	32	static
../Core/Src/cg9a01.c:554:7:Draw_Circle	32	static
../Core/Src/cg9a01.c:580:7:DispRGBGray	40	static
../Core/Src/cg9a01.c:661:7:show_picture	16	static
../Core/Src/cg9a01.c:682:7:show_picture2a	48	static
../Core/Src/cg9a01.c:711:7:show_picture2b	48	static
../Core/Src/cg9a01.c:740:7:show_picture2c	48	static
../Core/Src/cg9a01.c:769:7:show_picture3	32	static
../Core/Src/cg9a01.c:833:7:inversPicData1a	16	static
../Core/Src/cg9a01.c:843:7:inversPicData1b	16	static
../Core/Src/cg9a01.c:853:7:inversPicData1c	16	static
../Core/Src/cg9a01.c:863:7:inversPicData1	16	static
../Core/Src/cg9a01.c:874:7:inversPicData2	16	static
