../Core/Src/main.c:91:5:main	32	static
../Core/Src/main.c:248:6:SystemClock_Config	88	static
../Core/Src/main.c:296:13:MX_ADC1_Init	24	static
../Core/Src/main.c:342:6:usDelay	16	static
../Core/Src/main.c:352:13:MX_RTC_Init	32	static
../Core/Src/main.c:415:13:MX_SPI1_Init	8	static
../Core/Src/main.c:453:13:MX_TIM1_Init	96	static
../Core/Src/main.c:528:13:MX_TIM4_Init	32	static
../Core/Src/main.c:571:13:MX_DMA_Init	16	static
../Core/Src/main.c:595:13:MX_GPIO_Init	48	static
../Core/Src/main.c:659:10:Error_Handler	4	static,ignoring_inline_asm
