../Core/Src/main.c:40:5:main	32	static
../Core/Src/main.c:172:6:SystemClock_Config	88	static
../Core/Src/main.c:206:13:MX_ADC1_Init	24	static
../Core/Src/main.c:234:6:usDelay	16	static
../Core/Src/main.c:244:13:MX_RTC_Init	32	static
../Core/Src/main.c:279:13:MX_SPI1_Init	8	static
../Core/Src/main.c:300:13:MX_TIM1_Init	96	static
../Core/Src/main.c:357:13:MX_TIM4_Init	32	static
../Core/Src/main.c:386:13:MX_DMA_Init	16	static
../Core/Src/main.c:398:13:MX_GPIO_Init	48	static
../Core/Src/main.c:422:6:Error_Handler	4	static,ignoring_inline_asm
